in_source: |-

in_stdin: |-

out_stdout: |-

out_code: |-

out_log: |- 
